00:00 +0: loading /Users/me/myprojects/agentbanking-channel/test/core/security/secure_storage_service_test.dart
00:00 +0: /Users/me/myprojects/agentbanking-channel/test/core/location/geofence_service_test.dart: GeofenceService verifies if location is within boundaries
00:00 +1: /Users/me/myprojects/agentbanking-channel/test/core/offline/offline_ui_test.dart: OfflineIndicator is hidden when count is 0
00:00 +2: /Users/me/myprojects/agentbanking-channel/test/core/offline/offline_ui_test.dart: OfflineIndicator is hidden when count is 0
00:00 +3: /Users/me/myprojects/agentbanking-channel/test/core/offline/offline_ui_test.dart: OfflineIndicator is hidden when count is 0
00:00 +4: /Users/me/myprojects/agentbanking-channel/test/core/offline/offline_ui_test.dart: OfflineIndicator shows "Pending: X" when count > 0
00:00 +5: /Users/me/myprojects/agentbanking-channel/test/integration/full_system_test.dart: Agent Banking Integration Scenarios Scenario 1: Happy Path - Login to Cash Withdrawal
00:00 +6: /Users/me/myprojects/agentbanking-channel/test/integration/full_system_test.dart: Agent Banking Integration Scenarios Scenario 2: e-KYC Onboarding Flow
00:00 +7: /Users/me/myprojects/agentbanking-channel/test/integration/full_system_test.dart: Agent Banking Integration Scenarios Scenario 3: Offline Resilience (Store & Forward)
00:00 +8: /Users/me/myprojects/agentbanking-channel/test/integration/full_system_test.dart: Agent Banking Integration Scenarios Scenario 4: Security - Compliance Freeze
test/features/kyc/kyc_ui_test.dart:5:35: Error: Too many positional arguments: 0 allowed, but 2 found.
Try removing the extra positional arguments.
  MockOnboardingNotifier() : super(null, null);
                                  ^
test/features/kyc/kyc_ui_test.dart:9:59: Error: 'WidgetTester' isn't a type.
  testWidgets('renders start scan button in idle state', (WidgetTester tester) async {
                                                          ^^^^^^^^^^^^
test/features/kyc/kyc_ui_test.dart:13:11: Error: Undefined name 'onboardingProvider'.
          onboardingProvider.overrideWith((ref) => MockOnboardingNotifier()),
          ^^^^^^^^^^^^^^^^^^
test/features/kyc/kyc_ui_test.dart:15:40: Error: Method not found: 'KycFlowScreen'.
        child: const MaterialApp(home: KycFlowScreen()),
                                       ^^^^^^^^^^^^^
test/features/kyc/kyc_ui_test.dart:15:22: Error: Couldn't find constructor 'MaterialApp'.
        child: const MaterialApp(home: KycFlowScreen()),
                     ^^^^^^^^^^^
test/features/kyc/kyc_ui_test.dart:11:7: Error: Method not found: 'ProviderScope'.
      ProviderScope(
      ^^^^^^^^^^^^^
test/features/kyc/kyc_ui_test.dart:19:12: Error: Undefined name 'find'.
    expect(find.text('Start MyKad Scan'), findsOneWidget);
           ^^^^
test/features/kyc/kyc_ui_test.dart:19:43: Error: Undefined name 'findsOneWidget'.
    expect(find.text('Start MyKad Scan'), findsOneWidget);
                                          ^^^^^^^^^^^^^^
test/features/kyc/kyc_ui_test.dart:19:5: Error: Method not found: 'expect'.
    expect(find.text('Start MyKad Scan'), findsOneWidget);
    ^^^^^^
test/features/kyc/kyc_ui_test.dart:9:3: Error: Method not found: 'testWidgets'.
  testWidgets('renders start scan button in idle state', (WidgetTester tester) async {
  ^^^^^^^^^^^
00:00 +9 -1: loading /Users/me/myprojects/agentbanking-channel/test/features/kyc/kyc_ui_test.dart [E]
  Failed to load "/Users/me/myprojects/agentbanking-channel/test/features/kyc/kyc_ui_test.dart":
  Compilation failed for testPath=/Users/me/myprojects/agentbanking-channel/test/features/kyc/kyc_ui_test.dart: test/features/kyc/kyc_ui_test.dart:5:35: Error: Too many positional arguments: 0 allowed, but 2 found.
  Try removing the extra positional arguments.
    MockOnboardingNotifier() : super(null, null);
                                    ^
  test/features/kyc/kyc_ui_test.dart:9:59: Error: 'WidgetTester' isn't a type.
    testWidgets('renders start scan button in idle state', (WidgetTester tester) async {
                                                            ^^^^^^^^^^^^
  test/features/kyc/kyc_ui_test.dart:13:11: Error: Undefined name 'onboardingProvider'.
            onboardingProvider.overrideWith((ref) => MockOnboardingNotifier()),
            ^^^^^^^^^^^^^^^^^^
  test/features/kyc/kyc_ui_test.dart:15:40: Error: Method not found: 'KycFlowScreen'.
          child: const MaterialApp(home: KycFlowScreen()),
                                         ^^^^^^^^^^^^^
  test/features/kyc/kyc_ui_test.dart:15:22: Error: Couldn't find constructor 'MaterialApp'.
          child: const MaterialApp(home: KycFlowScreen()),
                       ^^^^^^^^^^^
  test/features/kyc/kyc_ui_test.dart:11:7: Error: Method not found: 'ProviderScope'.
        ProviderScope(
        ^^^^^^^^^^^^^
  test/features/kyc/kyc_ui_test.dart:19:12: Error: Undefined name 'find'.
      expect(find.text('Start MyKad Scan'), findsOneWidget);
             ^^^^
  test/features/kyc/kyc_ui_test.dart:19:43: Error: Undefined name 'findsOneWidget'.
      expect(find.text('Start MyKad Scan'), findsOneWidget);
                                            ^^^^^^^^^^^^^^
  test/features/kyc/kyc_ui_test.dart:19:5: Error: Method not found: 'expect'.
      expect(find.text('Start MyKad Scan'), findsOneWidget);
      ^^^^^^
  test/features/kyc/kyc_ui_test.dart:9:3: Error: Method not found: 'testWidgets'.
    testWidgets('renders start scan button in idle state', (WidgetTester tester) async {
    ^^^^^^^^^^^
  .
00:01 +9 -1: /Users/me/myprojects/agentbanking-channel/test/features/hardware/hardware_test.dart: HAL Mock Implementations MockCardReader returns masked PAN correctly
00:02 +10 -1: /Users/me/myprojects/agentbanking-channel/test/features/hardware/kyc_hardware_test.dart: IMyKadScanner Mock MockMyKadScanner returns simulated patient data
00:02 +11 -1: /Users/me/myprojects/agentbanking-channel/test/features/hardware/kyc_hardware_test.dart: IMyKadScanner Mock MockMyKadScanner returns simulated patient data
00:03 +12 -1: /Users/me/myprojects/agentbanking-channel/test/features/hardware/kyc_hardware_test.dart: IMyKadScanner Mock MockMyKadScanner returns simulated patient data
00:03 +13 -1: /Users/me/myprojects/agentbanking-channel/test/features/hardware/kyc_hardware_test.dart: IMyKadScanner Mock MockMyKadScanner returns simulated patient data
00:04 +14 -1: /Users/me/myprojects/agentbanking-channel/test/features/hardware/kyc_hardware_test.dart: IMyKadScanner Mock MockMyKadScanner returns simulated patient data
00:04 +15 -1: /Users/me/myprojects/agentbanking-channel/test/features/hardware/kyc_hardware_test.dart: IMyKadScanner Mock MockMyKadScanner returns simulated patient data
00:04 +16 -1: /Users/me/myprojects/agentbanking-channel/test/features/kyc/kyc_repository_test.dart: KycRepository runAmlCheck returns clear status
00:04 +17 -1: /Users/me/myprojects/agentbanking-channel/test/features/hardware/hardware_test.dart: HAL Mock Implementations MockPrinter successfully prints
test/features/transactions/transaction_flow_screen_test.dart:10:36: Error: Too many positional arguments: 0 allowed, but 2 found.
Try removing the extra positional arguments.
  MockTransactionNotifier() : super(null, null);
                                   ^
00:04 +17 -2: loading /Users/me/myprojects/agentbanking-channel/test/features/transactions/transaction_flow_screen_test.dart [E]
  Failed to load "/Users/me/myprojects/agentbanking-channel/test/features/transactions/transaction_flow_screen_test.dart":
  Compilation failed for testPath=/Users/me/myprojects/agentbanking-channel/test/features/transactions/transaction_flow_screen_test.dart: test/features/transactions/transaction_flow_screen_test.dart:10:36: Error: Too many positional arguments: 0 allowed, but 2 found.
  Try removing the extra positional arguments.
    MockTransactionNotifier() : super(null, null);
                                     ^
  .
00:04 +18 -2: /Users/me/myprojects/agentbanking-channel/test/features/hardware/hardware_test.dart: HAL Mock Implementations MockPrinter successfully prints
00:04 +19 -2: /Users/me/myprojects/agentbanking-channel/test/features/hardware/hardware_test.dart: HAL Mock Implementations MockPrinter successfully prints
--- MOCK PRINTER OUTPUT ---
Test Receipt
-----------------------
00:04 +20 -2: /Users/me/myprojects/agentbanking-channel/test/features/transactions/transaction_repository_test.dart: TransactionRepository getQuote returns valid quote response
00:05 +21 -2: /Users/me/myprojects/agentbanking-channel/test/features/transactions/transaction_repository_test.dart: TransactionRepository executeTransaction returns success
test/widget_test.dart:16:35: Error: Couldn't find constructor 'MyApp'.
    await tester.pumpWidget(const MyApp());
                                  ^^^^^
00:05 +21 -3: loading /Users/me/myprojects/agentbanking-channel/test/widget_test.dart [E]
  Failed to load "/Users/me/myprojects/agentbanking-channel/test/widget_test.dart":
  Compilation failed for testPath=/Users/me/myprojects/agentbanking-channel/test/widget_test.dart: test/widget_test.dart:16:35: Error: Couldn't find constructor 'MyApp'.
      await tester.pumpWidget(const MyApp());
                                    ^^^^^
  .
00:07 +22 -3: Some tests failed.
